
> call-care-ai-web@0.0.0 build
> vite build

[36mvite v5.4.21 [32mbuilding for production...[36m[39m
transforming...
[32mΓ£ô[39m 1863 modules transformed.
node.exe : [31mx[39m Build failed in 3.44s
At line:1 char:1
+ & "C:\Program Files\nodejs/node.exe" "C:\Program Files\nodejs/node_mo ...
+ ~~~~~~~~~~~~~~~~~~~~~~~~~~~~~~~~~~~~~~~~~~~~~~~~~~~~~~~~~~~~~~~~~~~~~
    + CategoryInfo          : NotSpecified: ([31mx[39m Build failed in 3.44s:String) [], RemoteException
    + FullyQualifiedErrorId : NativeCommandError
 
[31merror during build:
[31msrc/pages/IcuBeds.jsx (4:79): "Hospital" is not exported by "node_modules/lucide-react/dist/esm/lucide-react.js", 
imported by "src/pages/IcuBeds.jsx".[31m
file: [36mC:/Users/sarthak/OneDrive/Desktop/ResQPath/CallCareAi-main/src/pages/IcuBeds.jsx:4:79[31m
[33m
2: import { supabase } from '../services/supabase';
3: import { useAuth } from '../context/AuthContext';
4: import { Building2, Navigation2, Activity, ShieldPlus, MapPin, Phone, Loader2, Hospital, Filter, CheckCircle2 } 
from ...
                                                                                  ^
5: import { useNavigate } from 'react-router-dom';
[31m
    at getRollupError (file:///C:/Users/sarthak/OneDrive/Desktop/ResQPath/CallCareAi-main/node_modules/rollup/dist/es/s
hared/parseAst.js:406:41)
    at error (file:///C:/Users/sarthak/OneDrive/Desktop/ResQPath/CallCareAi-main/node_modules/rollup/dist/es/shared/par
seAst.js:402:42)
    at Module.error (file:///C:/Users/sarthak/OneDrive/Desktop/ResQPath/CallCareAi-main/node_modules/rollup/dist/es/sha
red/node-entry.js:17380:16)
    at Module.traceVariable (file:///C:/Users/sarthak/OneDrive/Desktop/ResQPath/CallCareAi-main/node_modules/rollup/dis
t/es/shared/node-entry.js:17813:29)
    at ModuleScope.findVariable (file:///C:/Users/sarthak/OneDrive/Desktop/ResQPath/CallCareAi-main/node_modules/rollup
/dist/es/shared/node-entry.js:15403:39)
    at ReturnValueScope.findVariable (file:///C:/Users/sarthak/OneDrive/Desktop/ResQPath/CallCareAi-main/node_modules/r
ollup/dist/es/shared/node-entry.js:5676:38)
    at FunctionBodyScope.findVariable (file:///C:/Users/sarthak/OneDrive/Desktop/ResQPath/CallCareAi-main/node_modules/
rollup/dist/es/shared/node-entry.js:5676:38)
    at Identifier.bind (file:///C:/Users/sarthak/OneDrive/Desktop/ResQPath/CallCareAi-main/node_modules/rollup/dist/es/
shared/node-entry.js:5450:40)
    at CallExpression.bind (file:///C:/Users/sarthak/OneDrive/Desktop/ResQPath/CallCareAi-main/node_modules/rollup/dist
/es/shared/node-entry.js:2828:28)
    at CallExpression.bind (file:///C:/Users/sarthak/OneDrive/Desktop/ResQPath/CallCareAi-main/node_modules/rollup/dist
/es/shared/node-entry.js:12512:15)[39m
